// Jest Snapshot v1, https://goo.gl/fbAQLP

exports[`layout web works 1`] = `
<div>
  <h1>
    Hello World
  </h1>
  <p>
    Hello World Redux
  </p>
</div>
`;
