// Jest Snapshot v1, https://goo.gl/fbAQLP

exports[`Horizontal Web Layout should render Horizontal layout component 1`] = `
<div>
  <div>
    Web Horizontal Layout
  </div>
  <div
    style={
      Object {
        "flexDirection": "row",
        "height": "100%",
        "justifyContent": "center",
        "marginTop": "50%",
      }
    }
  >
    <div>
      <Apollo(withState(withHandlers(Counter)))
        Component={[Function]}
        id={1}
        order={0}
        path="Counter"
      />
      <HelloWorld
        Component={[Function]}
        id={2}
        order={1}
        path="HelloWorld"
      />
    </div>
    <div>
      <HelloWorld
        Component={[Function]}
        id={2}
        order={1}
        path="HelloWorld"
      />
    </div>
  </div>
</div>
`;
