// Jest Snapshot v1, https://goo.gl/fbAQLP

exports[`counter should load page 1`] = `
<View
  style={
    Object {
      "flex": 1,
    }
  }
  testID="counterView"
>
  <Text
    accessible={true}
    allowFontScaling={true}
    ellipsizeMode="tail"
    testID="counterOutput"
  >
    Counter is at 
    0
     on 
    ios
  </Text>
  <Button
    onPress={[Function]}
    testID="increment"
    title="Increment"
  />
  <Button
    onPress={[Function]}
    testID="decrement"
    title="Decrement"
  />
</View>
`;
